// Jest Snapshot v1, https://goo.gl/fbAQLP

exports[`ForgotPasswordComponent Snapshot check snapshot 1`] = `
<login
  emailSent="false"
  errors="null"
  form={[Function Object]}
  gigyaService={[Function Object]}
>
  <section
    class="sign-body"
  >
    <div
      class="container"
    >
      <div
        class="call-2-action"
      >
        <h1
          class="headline"
        >
           For the best experience use Own Id for login 
        </h1>
        <h2
          class="sub-title"
        >
           Scan QR code with your phone and proceed with out any logins and passwords 
        </h2>
      </div>
      <div>
        <mat-card
          class="sign-section"
        >
          <mat-card-title>
             Recover account 
          </mat-card-title>
          
          
        </mat-card>
      </div>
    </div>
  </section>
</login>
`;
