// Jest Snapshot v1, https://goo.gl/fbAQLP

exports[`AppComponent Snapshot check snapshot 1`] = `
<app-root>
  <mat-toolbar
    class="toolbar"
  >
    <header
      class="header"
    >
      <span
        class="headline"
      >
        Sample app
      </span>
      <span>
        <button
          mat-button=""
        >
          About
        </button>
        <button
          mat-button=""
        >
          Services
        </button>
        <button
          mat-button=""
        >
          Portfolio
        </button>
        <button
          mat-button=""
        >
          Contact
        </button>
      </span>
    </header>
  </mat-toolbar><router-outlet /><mat-toolbar
    class="footer"
  >
    <mat-toolbar-row
      class="row"
    >
      <span>
        <a
          href="https://www.sap.com/corporate/en/legal/terms-of-use.html"
          target="_blank"
        >
          Terms of use
        </a>
         | 
        <a
          href="https://www.sap.com/about/legal/privacy.html"
          target="_blank"
        >
          Privacy
        </a>
      </span>
    </mat-toolbar-row>
    <mat-toolbar-row
      class="row"
    >
      <span>
        Copyright Â© 2020 - Sample app
      </span>
    </mat-toolbar-row>
  </mat-toolbar>
</app-root>
`;
